============================================================
  Generated by:           Genus(TM) Synthesis Solution 21.14-s082_1
  Generated on:           Sep 27 2026  11:20:06 am
  Module:                 adder_subtractor_4bit
  Operating conditions:   slow (balanced_tree)
  Wireload mode:          enclosed
  Area mode:              timing library
============================================================

 
  Hierarchy Report Format : 
 
    level instance ( module ) <status>
 
    status :    preserve_<value> -- indicating preserve hierachy or inherited_preserve value
           :    blackbox --  indicating  unresolved instance
 
==================================================================

 0 adder_subtractor_4bit
  1 ADD_SUB ( ripple_carry_adder_4bit ) 
     2 FA0 ( full_adder ) 
        3 HA1 ( half_adder ) 
           4 AND1 ( and_gate ) 
           4 XOR1 ( xor_gate ) 
        3 HA2 ( half_adder_24 ) 
           4 AND1 ( and_gate_14 ) 
           4 XOR1 ( xor_gate_38 ) 
        3 OR1 ( or_gate ) 
     2 FA1 ( full_adder_17 ) 
        3 HA1 ( half_adder_23 ) 
           4 AND1 ( and_gate_13 ) 
           4 XOR1 ( xor_gate_37 ) 
        3 HA2 ( half_adder_22 ) 
           4 AND1 ( and_gate_12 ) 
           4 XOR1 ( xor_gate_36 ) 
        3 OR1 ( or_gate_27 ) 
     2 FA2 ( full_adder_16 ) 
        3 HA1 ( half_adder_21 ) 
           4 AND1 ( and_gate_11 ) 
           4 XOR1 ( xor_gate_35 ) 
        3 HA2 ( half_adder_20 ) 
           4 AND1 ( and_gate_10 ) 
           4 XOR1 ( xor_gate_34 ) 
        3 OR1 ( or_gate_26 ) 
     2 FA3 ( full_adder_15 ) 
        3 HA1 ( half_adder_19 ) 
           4 AND1 ( and_gate_9 ) 
           4 XOR1 ( xor_gate_33 ) 
        3 HA2 ( half_adder_18 ) 
           4 AND1 ( and_gate_8 ) 
           4 XOR1 ( xor_gate_32 ) 
        3 OR1 ( or_gate_25 ) 
  1 XOR0 ( xor_gate_31 ) 
  1 XOR1 ( xor_gate_30 ) 
  1 XOR2 ( xor_gate_29 ) 
  1 XOR3 ( xor_gate_28 ) 
