============================================================
  Generated by:           Genus(TM) Synthesis Solution 21.14-s082_1
  Generated on:           Sep 27 2026  11:20:06 am
  Module:                 adder_subtractor_4bit
  Operating conditions:   slow (balanced_tree)
  Wireload mode:          enclosed
  Area mode:              timing library
============================================================


Path 1: UNCONSTRAINED
     Startpoint: (R) B[0]
       Endpoint: (F) COUT

                   Capture    Launch  
      Drv Adjust:+       0         0  
                                      
       Data Path:-    2352            

#---------------------------------------------------------------------------------------------------------
#          Timing Point            Flags   Arc   Edge   Cell     Fanout Load Trans Delay Arrival Instance 
#                                                                       (fF)  (ps)  (ps)   (ps)  Location 
#---------------------------------------------------------------------------------------------------------
  B[0]                             -       -     R     (arrival)      1  2.1     0     0       0    (-,-) 
  XOR0/g13__9315/Y                 -       B->Y  R     XOR2XL         2  4.0   128   342     342    (-,-) 
  ADD_SUB/FA0/HA1/XOR1/g13__5107/Y -       B->Y  F     XOR2XL         2  4.0   125   360     703    (-,-) 
  ADD_SUB/FA0/HA2/AND1/g11__6260/Y -       A->Y  F     AND2X1         1  2.4    73   201     904    (-,-) 
  ADD_SUB/FA0/OR1/g2__8428/Y       -       A->Y  F     OR2X1          2  4.0    91   229    1132    (-,-) 
  ADD_SUB/FA1/HA2/AND1/g11__3680/Y -       A->Y  F     AND2X1         1  2.4    74   192    1324    (-,-) 
  ADD_SUB/FA1/OR1/g2__2802/Y       -       A->Y  F     OR2X1          2  4.0    91   229    1553    (-,-) 
  ADD_SUB/FA2/HA2/AND1/g11__8246/Y -       A->Y  F     AND2X1         1  2.4    74   192    1745    (-,-) 
  ADD_SUB/FA2/OR1/g2__6131/Y       -       A->Y  F     OR2X1          2  4.0    91   229    1974    (-,-) 
  ADD_SUB/FA3/HA2/AND1/g11__7482/Y -       A->Y  F     AND2X1         1  2.4    74   192    2166    (-,-) 
  ADD_SUB/FA3/OR1/g2__6161/Y       -       A->Y  F     OR2XL          1  0.0    60   186    2352    (-,-) 
  COUT                             -       -     F     (port)         -    -     -     0    2352    (-,-) 
#---------------------------------------------------------------------------------------------------------

