============================================================
  Generated by:           Genus(TM) Synthesis Solution 21.14-s082_1
  Generated on:           Sep 27 2026  11:20:06 am
  Module:                 adder_subtractor_4bit
  Operating conditions:   slow (balanced_tree)
  Wireload mode:          enclosed
  Area mode:              timing library
============================================================

                           
 Gate   Instances   Area    Library  
-------------------------------------
AND2X1          8  106.445    tsmc18 
OR2X1           3   39.917    tsmc18 
OR2XL           1   13.306    tsmc18 
XOR2XL         12  319.334    tsmc18 
-------------------------------------
total          24  479.002           


                                        
     Type      Instances   Area  Area % 
----------------------------------------
logic                 24 479.002  100.0 
physical_cells         0   0.000    0.0 
----------------------------------------
total                 24 479.002  100.0 

